mode: set
websocket_client/internal/pkg/core/adapter/accountadapter/adapter_mock.go:25.59,29.2 3 0
websocket_client/internal/pkg/core/adapter/accountadapter/adapter_mock.go:32.57,34.2 1 0
websocket_client/internal/pkg/core/adapter/accountadapter/adapter_mock.go:37.56,42.2 4 0
websocket_client/internal/pkg/core/adapter/accountadapter/adapter_mock.go:45.76,48.2 2 0
websocket_client/internal/pkg/core/adapter/accountadapter/adapter_mock.go:51.60,56.2 4 0
websocket_client/internal/pkg/core/adapter/accountadapter/adapter_mock.go:59.78,62.2 2 0
websocket_client/internal/pkg/core/adapter/passwordgeneratoradapter/adapter_mock.go:25.59,29.2 3 0
websocket_client/internal/pkg/core/adapter/passwordgeneratoradapter/adapter_mock.go:32.57,34.2 1 0
websocket_client/internal/pkg/core/adapter/passwordgeneratoradapter/adapter_mock.go:37.61,43.2 5 0
websocket_client/internal/pkg/core/adapter/passwordgeneratoradapter/adapter_mock.go:46.76,49.2 2 0
websocket_client/internal/pkg/core/adapter/databaseadapter/repoadapter_mock.go:27.67,31.2 3 0
websocket_client/internal/pkg/core/adapter/databaseadapter/repoadapter_mock.go:34.65,36.2 1 0
websocket_client/internal/pkg/core/adapter/databaseadapter/repoadapter_mock.go:39.61,44.2 4 0
websocket_client/internal/pkg/core/adapter/databaseadapter/repoadapter_mock.go:47.80,50.2 2 0
websocket_client/internal/pkg/core/adapter/databaseadapter/repoadapter_mock.go:53.78,58.2 4 0
websocket_client/internal/pkg/core/adapter/databaseadapter/repoadapter_mock.go:61.89,64.2 2 0
websocket_client/internal/pkg/core/adapter/databaseadapter/repoadapter_mock.go:67.81,73.2 5 0
websocket_client/internal/pkg/core/adapter/databaseadapter/repoadapter_mock.go:76.81,79.2 2 0
websocket_client/internal/pkg/core/adapter/databaseadapter/repoadapter_mock.go:82.92,88.2 5 0
websocket_client/internal/pkg/core/adapter/databaseadapter/repoadapter_mock.go:91.85,94.2 2 0
websocket_client/internal/pkg/core/adapter/databaseadapter/repoadapter_mock.go:97.95,103.2 5 0
websocket_client/internal/pkg/core/adapter/databaseadapter/repoadapter_mock.go:106.85,109.2 2 0
websocket_client/internal/pkg/core/adapter/databaseadapter/repoadapter_mock.go:112.67,117.2 4 0
websocket_client/internal/pkg/core/adapter/databaseadapter/repoadapter_mock.go:120.83,123.2 2 0
websocket_client/internal/pkg/core/adapter/databaseadapter/repoadapter_mock.go:126.98,131.2 4 0
websocket_client/internal/pkg/core/adapter/databaseadapter/repoadapter_mock.go:134.96,137.2 2 0
websocket_client/internal/pkg/core/adapter/databaseadapter/repoadapter_mock.go:140.87,146.2 5 0
websocket_client/internal/pkg/core/adapter/databaseadapter/repoadapter_mock.go:149.81,152.2 2 0
websocket_client/internal/pkg/core/adapter/databaseadapter/repoadapter_mock.go:155.63,160.2 4 0
websocket_client/internal/pkg/core/adapter/databaseadapter/repoadapter_mock.go:163.81,166.2 2 0
websocket_client/cmd/app/main.go:25.13,29.2 2 0
websocket_client/cmd/app/main.go:31.20,35.15 2 0
websocket_client/cmd/app/main.go:35.15,36.35 1 0
websocket_client/cmd/app/main.go:36.35,37.18 1 0
websocket_client/cmd/app/main.go:37.18,39.5 1 0
websocket_client/cmd/app/main.go:40.4,40.17 1 0
websocket_client/cmd/app/main.go:44.2,45.16 2 0
websocket_client/cmd/app/main.go:45.16,46.70 1 0
websocket_client/cmd/app/main.go:50.2,51.16 2 0
websocket_client/cmd/app/main.go:51.16,52.67 1 0
websocket_client/cmd/app/main.go:56.2,57.16 2 0
websocket_client/cmd/app/main.go:57.16,58.72 1 0
websocket_client/cmd/app/main.go:61.2,62.16 2 0
websocket_client/cmd/app/main.go:62.16,63.69 1 0
websocket_client/cmd/app/main.go:67.2,118.19 9 0
websocket_client/internal/pkg/core/adapter/chatadapter/adapter_mock.go:27.59,31.2 3 0
websocket_client/internal/pkg/core/adapter/chatadapter/adapter_mock.go:34.57,36.2 1 0
websocket_client/internal/pkg/core/adapter/chatadapter/adapter_mock.go:39.75,42.2 2 0
websocket_client/internal/pkg/core/adapter/chatadapter/adapter_mock.go:45.83,48.2 2 0
websocket_client/internal/pkg/core/adapter/chatadapter/adapter_mock.go:51.66,56.2 4 0
websocket_client/internal/pkg/core/adapter/chatadapter/adapter_mock.go:59.77,62.2 2 0
websocket_client/internal/pkg/core/adapter/chatadapter/adapter_mock.go:65.49,68.2 2 0
websocket_client/internal/pkg/core/adapter/chatadapter/adapter_mock.go:71.80,74.2 2 0
websocket_client/internal/pkg/core/adapter/chatadapter/adapter_mock.go:77.81,82.2 4 0
websocket_client/internal/pkg/core/adapter/chatadapter/adapter_mock.go:85.82,88.2 2 0
websocket_client/internal/pkg/core/adapter/chatadapter/adapter_mock.go:91.80,97.2 5 0
websocket_client/internal/pkg/core/adapter/chatadapter/adapter_mock.go:100.93,103.2 2 0
websocket_client/internal/pkg/core/adapter/chatadapter/adapter_mock.go:106.75,111.2 4 0
websocket_client/internal/pkg/core/adapter/chatadapter/adapter_mock.go:114.80,117.2 2 0
websocket_client/internal/pkg/core/adapter/chatadapter/adapter_mock.go:120.69,125.2 4 0
websocket_client/internal/pkg/core/adapter/chatadapter/adapter_mock.go:128.78,131.2 2 0
websocket_client/internal/pkg/core/adapter/chatadapter/adapter_mock.go:134.72,139.2 4 0
websocket_client/internal/pkg/core/adapter/chatadapter/adapter_mock.go:142.79,145.2 2 0
websocket_client/internal/pkg/core/adapter/chatadapter/adapter_mock.go:148.112,153.2 4 0
websocket_client/internal/pkg/core/adapter/chatadapter/adapter_mock.go:156.114,159.2 2 0
websocket_client/internal/conf/init.go:14.26,16.2 1 0
websocket_client/internal/conf/init.go:19.30,21.16 2 0
websocket_client/internal/conf/init.go:21.16,23.3 1 0
websocket_client/internal/conf/init.go:25.2,25.51 1 0
websocket_client/internal/conf/init.go:25.51,27.3 1 0
websocket_client/internal/conf/init.go:28.2,28.12 1 0
websocket_client/internal/pkg/core/adapter/httpadapter/adapter_mock.go:27.59,31.2 3 0
websocket_client/internal/pkg/core/adapter/httpadapter/adapter_mock.go:34.57,36.2 1 0
websocket_client/internal/pkg/core/adapter/httpadapter/adapter_mock.go:39.93,45.2 5 0
websocket_client/internal/pkg/core/adapter/httpadapter/adapter_mock.go:48.91,51.2 2 0
websocket_client/internal/common/helper.go:15.90,17.25 2 0
websocket_client/internal/common/helper.go:17.25,20.3 2 0
websocket_client/internal/common/helper.go:21.2,23.16 3 0
websocket_client/internal/common/helper.go:23.16,25.3 1 0
websocket_client/internal/common/helper.go:26.2,28.27 3 0
websocket_client/internal/common/helper.go:28.27,31.3 2 0
websocket_client/internal/common/helper.go:32.2,35.8 4 0
websocket_client/internal/common/helper.go:39.42,44.38 4 0
websocket_client/internal/common/helper.go:44.38,48.51 3 0
websocket_client/internal/common/helper.go:48.51,50.4 1 0
websocket_client/internal/common/helper.go:52.2,52.26 1 0
websocket_client/internal/common/helper.go:52.26,54.3 1 0
websocket_client/internal/common/helper.go:55.2,55.12 1 0
websocket_client/internal/common/helper.go:59.28,61.2 1 0
websocket_client/internal/common/vars.go:14.19,20.2 5 0
websocket_client/internal/pkg/core/adapter/kvadapter/repoadapter_mock.go:25.67,29.2 3 0
websocket_client/internal/pkg/core/adapter/kvadapter/repoadapter_mock.go:32.65,34.2 1 0
websocket_client/internal/pkg/core/adapter/kvadapter/repoadapter_mock.go:37.52,42.2 4 0
websocket_client/internal/pkg/core/adapter/kvadapter/repoadapter_mock.go:45.77,48.2 2 0
websocket_client/internal/pkg/core/adapter/kvadapter/repoadapter_mock.go:51.64,57.2 5 0
websocket_client/internal/pkg/core/adapter/kvadapter/repoadapter_mock.go:60.79,63.2 2 0
websocket_client/internal/pkg/core/adapter/kvadapter/repoadapter_mock.go:66.94,69.2 2 0
websocket_client/internal/pkg/core/adapter/kvadapter/repoadapter_mock.go:72.115,75.2 2 0
websocket_client/internal/pkg/core/adapter/loggeradapter/adapter_mock.go:25.59,29.2 3 0
websocket_client/internal/pkg/core/adapter/loggeradapter/adapter_mock.go:32.57,34.2 1 0
websocket_client/internal/pkg/core/adapter/loggeradapter/adapter_mock.go:37.65,40.27 3 0
websocket_client/internal/pkg/core/adapter/loggeradapter/adapter_mock.go:40.27,42.3 1 0
websocket_client/internal/pkg/core/adapter/loggeradapter/adapter_mock.go:43.2,43.40 1 0
websocket_client/internal/pkg/core/adapter/loggeradapter/adapter_mock.go:47.104,51.2 3 0
websocket_client/internal/pkg/core/adapter/loggeradapter/adapter_mock.go:54.64,57.27 3 0
websocket_client/internal/pkg/core/adapter/loggeradapter/adapter_mock.go:57.27,59.3 1 0
websocket_client/internal/pkg/core/adapter/loggeradapter/adapter_mock.go:60.2,60.39 1 0
websocket_client/internal/pkg/core/adapter/loggeradapter/adapter_mock.go:64.103,68.2 3 0
websocket_client/internal/pkg/core/adapter/senderadapter/adapter_mock.go:25.59,29.2 3 0
websocket_client/internal/pkg/core/adapter/senderadapter/adapter_mock.go:32.57,34.2 1 0
websocket_client/internal/pkg/core/adapter/senderadapter/adapter_mock.go:37.72,43.2 5 0
websocket_client/internal/pkg/core/adapter/senderadapter/adapter_mock.go:46.81,49.2 2 0
websocket_client/internal/pkg/core/adapter/wsstoreadapter/adapter_mock.go:26.59,30.2 3 0
websocket_client/internal/pkg/core/adapter/wsstoreadapter/adapter_mock.go:33.57,35.2 1 0
websocket_client/internal/pkg/core/adapter/wsstoreadapter/adapter_mock.go:38.80,43.2 4 0
websocket_client/internal/pkg/core/adapter/wsstoreadapter/adapter_mock.go:46.83,49.2 2 0
websocket_client/internal/pkg/core/adapter/wsstoreadapter/adapter_mock.go:52.49,55.2 2 0
websocket_client/internal/pkg/core/adapter/wsstoreadapter/adapter_mock.go:58.80,61.2 2 0
websocket_client/internal/pkg/core/adapter/wsstoreadapter/adapter_mock.go:64.68,69.2 4 0
websocket_client/internal/pkg/core/adapter/wsstoreadapter/adapter_mock.go:72.77,75.2 2 0
websocket_client/internal/pkg/core/adapter/wsstoreadapter/adapter_mock.go:78.46,81.2 2 0
websocket_client/internal/pkg/core/adapter/wsstoreadapter/adapter_mock.go:84.77,87.2 2 0
websocket_client/internal/pkg/core/adapter/wsconnadapter/adapter_mock.go:25.59,29.2 3 0
websocket_client/internal/pkg/core/adapter/wsconnadapter/adapter_mock.go:32.57,34.2 1 0
websocket_client/internal/pkg/core/adapter/wsconnadapter/adapter_mock.go:37.37,42.2 4 0
websocket_client/internal/pkg/core/adapter/wsconnadapter/adapter_mock.go:45.57,48.2 2 0
websocket_client/internal/pkg/core/adapter/wsconnadapter/adapter_mock.go:51.58,58.2 6 0
websocket_client/internal/pkg/core/adapter/wsconnadapter/adapter_mock.go:61.63,64.2 2 0
websocket_client/internal/pkg/core/adapter/wsconnadapter/adapter_mock.go:67.54,72.2 4 0
websocket_client/internal/pkg/core/adapter/wsconnadapter/adapter_mock.go:75.74,78.2 2 0
websocket_client/internal/pkg/core/adapter/wsprocessoradapter/adapter_mock.go:26.59,30.2 3 0
websocket_client/internal/pkg/core/adapter/wsprocessoradapter/adapter_mock.go:33.57,35.2 1 0
websocket_client/internal/pkg/core/adapter/wsprocessoradapter/adapter_mock.go:38.157,43.2 4 0
websocket_client/internal/pkg/core/adapter/wsprocessoradapter/adapter_mock.go:46.125,49.2 2 0
websocket_client/internal/pkg/core/adapter/wsupgraderadapter/adapter_mock.go:27.59,31.2 3 0
websocket_client/internal/pkg/core/adapter/wsupgraderadapter/adapter_mock.go:34.57,36.2 1 0
websocket_client/internal/pkg/core/adapter/wsupgraderadapter/adapter_mock.go:39.130,45.2 5 0
websocket_client/internal/pkg/core/adapter/wsupgraderadapter/adapter_mock.go:48.91,51.2 2 0
websocket_client/internal/transport/server.go:22.25,33.2 3 0
websocket_client/internal/transport/server.go:36.38,38.2 1 0
websocket_client/internal/transport/server.go:41.31,52.74 2 0
websocket_client/internal/transport/server.go:52.74,56.3 3 0
websocket_client/internal/pkg/platform/redis/database.go:21.48,28.64 3 0
websocket_client/internal/pkg/platform/redis/database.go:28.64,30.3 1 0
websocket_client/internal/pkg/platform/redis/database.go:32.2,34.8 1 0
websocket_client/internal/pkg/platform/redis/database.go:38.47,42.2 3 0
websocket_client/internal/pkg/platform/redis/database.go:45.90,46.12 1 0
websocket_client/internal/pkg/platform/redis/database.go:46.12,52.16 2 0
websocket_client/internal/pkg/platform/redis/database.go:52.16,54.40 2 0
websocket_client/internal/pkg/platform/redis/database.go:54.40,56.5 1 0
websocket_client/internal/pkg/platform/redis/database.go:63.3,63.15 1 0
websocket_client/internal/pkg/platform/redis/database.go:63.15,66.24 3 0
websocket_client/internal/pkg/platform/redis/database.go:66.24,69.13 2 0
websocket_client/internal/pkg/platform/redis/database.go:71.4,71.14 1 0
websocket_client/internal/pkg/platform/redis/database.go:77.61,79.33 2 0
websocket_client/internal/pkg/platform/redis/database.go:79.33,81.3 1 0
websocket_client/internal/pkg/platform/redis/database.go:82.2,83.8 2 0
websocket_client/internal/pkg/platform/bcryptgen/bcryptgen.go:12.54,14.2 1 0
websocket_client/internal/pkg/platform/bcryptgen/bcryptgen.go:16.59,19.2 2 0
websocket_client/internal/pkg/platform/zaplogger/helper.go:10.71,12.16 2 0
websocket_client/internal/pkg/platform/zaplogger/helper.go:12.16,14.3 1 0
websocket_client/internal/pkg/platform/zaplogger/helper.go:15.2,15.35 1 0
websocket_client/internal/pkg/platform/zaplogger/helper.go:18.35,24.2 5 0
websocket_client/internal/pkg/platform/zaplogger/helper.go:26.58,28.16 2 0
websocket_client/internal/pkg/platform/zaplogger/helper.go:28.16,30.3 1 0
websocket_client/internal/pkg/platform/zaplogger/helper.go:31.2,33.44 3 0
websocket_client/internal/pkg/platform/zaplogger/logger.go:17.49,18.45 1 0
websocket_client/internal/pkg/platform/zaplogger/logger.go:18.45,19.26 1 0
websocket_client/internal/pkg/platform/zaplogger/logger.go:19.26,21.4 1 0
websocket_client/internal/pkg/platform/zaplogger/logger.go:22.3,23.17 2 0
websocket_client/internal/pkg/platform/zaplogger/logger.go:23.17,25.4 1 0
websocket_client/internal/pkg/platform/zaplogger/logger.go:27.2,28.16 2 0
websocket_client/internal/pkg/platform/zaplogger/logger.go:28.16,30.3 1 0
websocket_client/internal/pkg/platform/zaplogger/logger.go:31.2,35.17 3 0
websocket_client/internal/pkg/platform/zaplogger/logger.go:38.37,48.14 2 0
websocket_client/internal/pkg/platform/zaplogger/logger.go:48.14,50.3 1 0
websocket_client/internal/pkg/platform/zaplogger/logger.go:51.2,51.42 1 0
websocket_client/internal/pkg/platform/zaplogger/logger.go:55.59,57.2 1 0
websocket_client/internal/pkg/platform/zaplogger/logger.go:60.60,62.2 1 0
websocket_client/internal/pkg/core/service/wsupgraderservice/wsupgraderservice.go:19.82,23.2 1 0
websocket_client/internal/pkg/core/service/wsupgraderservice/wsupgraderservice.go:25.137,27.2 1 0
websocket_client/internal/pkg/core/service/wsstoreservice/wsstore.go:21.77,26.2 1 0
websocket_client/internal/pkg/core/service/wsstoreservice/wsstore.go:29.76,32.34 3 0
websocket_client/internal/pkg/core/service/wsstoreservice/wsstore.go:32.34,34.3 1 0
websocket_client/internal/pkg/core/service/wsstoreservice/wsstore.go:35.2,37.45 3 0
websocket_client/internal/pkg/core/service/wsstoreservice/wsstore.go:37.45,40.3 2 0
websocket_client/internal/pkg/core/service/wsstoreservice/wsstore.go:41.2,41.64 1 0
websocket_client/internal/pkg/core/service/wsstoreservice/wsstore.go:48.64,51.34 3 0
websocket_client/internal/pkg/core/service/wsstoreservice/wsstore.go:51.34,53.3 1 0
websocket_client/internal/pkg/core/service/wsstoreservice/wsstore.go:54.2,55.46 2 0
websocket_client/internal/pkg/core/service/wsstoreservice/wsstore.go:55.46,57.3 1 0
websocket_client/internal/pkg/core/service/wsstoreservice/wsstore.go:58.2,58.12 1 0
websocket_client/internal/pkg/core/service/wsstoreservice/wsstore.go:62.42,66.2 3 0
websocket_client/internal/pkg/core/service/wsstoreservice/wsstore.go:69.45,73.33 3 0
websocket_client/internal/pkg/core/service/wsstoreservice/wsstore.go:73.33,75.3 1 0
websocket_client/internal/pkg/core/service/wsstoreservice/wsstore.go:77.2,78.27 2 0
websocket_client/internal/pkg/platform/mysql/database.go:19.57,24.16 3 0
websocket_client/internal/pkg/platform/mysql/database.go:24.16,26.3 1 0
websocket_client/internal/pkg/platform/mysql/database.go:28.2,31.16 2 0
websocket_client/internal/pkg/platform/mysql/database.go:31.16,33.3 1 0
websocket_client/internal/pkg/platform/mysql/database.go:36.2,38.8 1 0
websocket_client/internal/pkg/platform/mysql/database.go:42.73,44.2 1 0
websocket_client/internal/pkg/platform/mysql/database.go:47.119,52.2 2 0
websocket_client/internal/pkg/platform/mysql/database.go:58.105,71.2 3 0
websocket_client/internal/pkg/platform/mysql/database.go:74.69,75.50 1 0
websocket_client/internal/pkg/platform/mysql/database.go:75.50,80.55 2 0
websocket_client/internal/pkg/platform/mysql/database.go:80.55,82.4 1 0
websocket_client/internal/pkg/platform/mysql/database.go:83.3,87.39 2 0
websocket_client/internal/pkg/platform/mysql/database.go:92.75,93.50 1 0
websocket_client/internal/pkg/platform/mysql/database.go:93.50,98.55 2 0
websocket_client/internal/pkg/platform/mysql/database.go:98.55,100.4 1 0
websocket_client/internal/pkg/platform/mysql/database.go:101.3,105.39 2 0
websocket_client/internal/pkg/platform/mysql/database.go:110.112,120.26 2 0
websocket_client/internal/pkg/platform/mysql/database.go:120.26,122.3 1 0
websocket_client/internal/pkg/platform/mysql/database.go:124.2,124.17 1 0
websocket_client/internal/pkg/platform/mysql/database.go:128.113,139.2 2 0
websocket_client/internal/pkg/platform/mysql/database.go:142.101,147.2 2 0
websocket_client/internal/pkg/platform/mysql/database.go:150.71,156.2 2 0
websocket_client/api/http/apiintegrator.go:30.63,38.2 1 1
websocket_client/api/http/apiintegrator.go:49.22,68.2 9 0
websocket_client/api/http/healthcheck.go:11.67,14.2 2 1
websocket_client/api/http/middleware.go:11.87,12.36 1 1
websocket_client/api/http/middleware.go:12.36,20.3 3 1
websocket_client/api/http/middleware.go:24.79,25.36 1 1
websocket_client/api/http/middleware.go:25.36,27.16 2 1
websocket_client/api/http/middleware.go:27.16,28.18 1 1
websocket_client/api/http/middleware.go:28.18,30.5 1 1
websocket_client/api/http/middleware.go:32.3,33.17 2 1
websocket_client/api/http/middleware.go:33.17,36.4 2 1
websocket_client/api/http/middleware.go:38.3,43.17 2 1
websocket_client/api/http/middleware.go:43.17,46.4 2 1
websocket_client/api/http/middleware.go:47.3,47.17 1 1
websocket_client/api/http/receivemessage.go:14.71,17.16 3 1
websocket_client/api/http/receivemessage.go:17.16,22.3 2 1
websocket_client/api/http/receivemessage.go:23.2,29.16 2 1
websocket_client/api/http/receivemessage.go:29.16,34.3 2 1
websocket_client/api/http/receivemessage.go:36.2,39.4 2 1
websocket_client/api/http/registeraccount.go:14.71,17.16 3 1
websocket_client/api/http/registeraccount.go:17.16,22.3 2 1
websocket_client/api/http/registeraccount.go:24.2,24.28 1 1
websocket_client/api/http/registeraccount.go:24.28,29.3 2 1
websocket_client/api/http/registeraccount.go:31.2,35.16 2 1
websocket_client/api/http/registeraccount.go:35.16,40.3 2 1
websocket_client/api/http/registeraccount.go:41.2,42.35 2 1
websocket_client/api/http/ws.go:15.41,19.2 1 0
websocket_client/api/http/ws.go:77.101,79.15 2 1
websocket_client/api/http/ws.go:79.15,80.17 1 1
websocket_client/api/http/ws.go:80.17,82.4 1 0
websocket_client/api/http/ws.go:88.2,89.17 2 1
websocket_client/api/http/ws.go:91.34,94.17 3 1
websocket_client/api/http/ws.go:94.17,96.4 1 0
websocket_client/api/http/ws.go:97.3,104.5 1 1
websocket_client/api/http/ws.go:107.36,110.17 3 1
websocket_client/api/http/ws.go:110.17,112.4 1 0
websocket_client/api/http/ws.go:114.3,117.5 1 1
websocket_client/api/http/ws.go:120.41,123.17 3 1
websocket_client/api/http/ws.go:123.17,125.4 1 0
websocket_client/api/http/ws.go:127.3,133.5 1 1
websocket_client/api/http/ws.go:136.39,139.17 3 1
websocket_client/api/http/ws.go:139.17,142.4 1 0
websocket_client/api/http/ws.go:143.3,145.5 1 1
websocket_client/api/http/ws.go:148.37,151.17 3 1
websocket_client/api/http/ws.go:151.17,153.4 1 0
websocket_client/api/http/ws.go:154.3,156.5 1 1
websocket_client/api/http/ws.go:159.10,161.39 2 1
websocket_client/api/http/ws.go:165.2,166.15 2 1
websocket_client/api/http/ws.go:166.15,168.3 1 0
websocket_client/api/http/ws.go:169.2,169.12 1 1
websocket_client/api/http/ws.go:177.72,179.9 2 1
websocket_client/api/http/ws.go:179.9,181.3 1 0
websocket_client/api/http/ws.go:184.2,186.16 3 1
websocket_client/api/http/ws.go:186.16,189.3 2 0
websocket_client/api/http/ws.go:191.2,192.16 2 1
websocket_client/api/http/ws.go:192.16,196.3 1 0
websocket_client/api/http/ws.go:197.2,197.35 1 1
websocket_client/internal/common/helper.go:15.90,17.25 2 1
websocket_client/internal/common/helper.go:17.25,20.3 2 1
websocket_client/internal/common/helper.go:21.2,23.16 3 1
websocket_client/internal/common/helper.go:23.16,25.3 1 0
websocket_client/internal/common/helper.go:26.2,28.27 3 1
websocket_client/internal/common/helper.go:28.27,31.3 2 0
websocket_client/internal/common/helper.go:32.2,35.8 4 1
websocket_client/internal/common/helper.go:39.42,44.38 4 0
websocket_client/internal/common/helper.go:44.38,48.51 3 0
websocket_client/internal/common/helper.go:48.51,50.4 1 0
websocket_client/internal/common/helper.go:52.2,52.26 1 0
websocket_client/internal/common/helper.go:52.26,54.3 1 0
websocket_client/internal/common/helper.go:55.2,55.12 1 0
websocket_client/internal/common/helper.go:59.28,61.2 1 1
websocket_client/internal/common/vars.go:14.19,20.2 5 0
websocket_client/internal/conf/init.go:14.26,16.2 1 0
websocket_client/internal/conf/init.go:19.30,21.16 2 0
websocket_client/internal/conf/init.go:21.16,23.3 1 0
websocket_client/internal/conf/init.go:25.2,25.51 1 0
websocket_client/internal/conf/init.go:25.51,27.3 1 0
websocket_client/internal/conf/init.go:28.2,28.12 1 0
websocket_client/internal/pkg/core/adapter/accountadapter/adapter_mock.go:25.59,29.2 3 1
websocket_client/internal/pkg/core/adapter/accountadapter/adapter_mock.go:32.57,34.2 1 1
websocket_client/internal/pkg/core/adapter/accountadapter/adapter_mock.go:37.56,42.2 4 1
websocket_client/internal/pkg/core/adapter/accountadapter/adapter_mock.go:45.76,48.2 2 1
websocket_client/internal/pkg/core/adapter/accountadapter/adapter_mock.go:51.60,56.2 4 1
websocket_client/internal/pkg/core/adapter/accountadapter/adapter_mock.go:59.78,62.2 2 1
websocket_client/internal/pkg/core/adapter/chatadapter/adapter_mock.go:27.59,31.2 3 1
websocket_client/internal/pkg/core/adapter/chatadapter/adapter_mock.go:34.57,36.2 1 1
websocket_client/internal/pkg/core/adapter/chatadapter/adapter_mock.go:39.75,42.2 2 0
websocket_client/internal/pkg/core/adapter/chatadapter/adapter_mock.go:45.83,48.2 2 0
websocket_client/internal/pkg/core/adapter/chatadapter/adapter_mock.go:51.66,56.2 4 1
websocket_client/internal/pkg/core/adapter/chatadapter/adapter_mock.go:59.77,62.2 2 1
websocket_client/internal/pkg/core/adapter/chatadapter/adapter_mock.go:65.49,68.2 2 0
websocket_client/internal/pkg/core/adapter/chatadapter/adapter_mock.go:71.80,74.2 2 0
websocket_client/internal/pkg/core/adapter/chatadapter/adapter_mock.go:77.81,82.2 4 1
websocket_client/internal/pkg/core/adapter/chatadapter/adapter_mock.go:85.82,88.2 2 1
websocket_client/internal/pkg/core/adapter/chatadapter/adapter_mock.go:91.80,97.2 5 1
websocket_client/internal/pkg/core/adapter/chatadapter/adapter_mock.go:100.93,103.2 2 1
websocket_client/internal/pkg/core/adapter/chatadapter/adapter_mock.go:106.75,111.2 4 1
websocket_client/internal/pkg/core/adapter/chatadapter/adapter_mock.go:114.80,117.2 2 1
websocket_client/internal/pkg/core/adapter/chatadapter/adapter_mock.go:120.69,125.2 4 1
websocket_client/internal/pkg/core/adapter/chatadapter/adapter_mock.go:128.78,131.2 2 1
websocket_client/internal/pkg/core/adapter/chatadapter/adapter_mock.go:134.72,139.2 4 1
websocket_client/internal/pkg/core/adapter/chatadapter/adapter_mock.go:142.79,145.2 2 1
websocket_client/internal/pkg/core/adapter/chatadapter/adapter_mock.go:148.112,153.2 4 0
websocket_client/internal/pkg/core/adapter/chatadapter/adapter_mock.go:156.114,159.2 2 0
websocket_client/internal/pkg/core/adapter/loggeradapter/adapter_mock.go:25.59,29.2 3 1
websocket_client/internal/pkg/core/adapter/loggeradapter/adapter_mock.go:32.57,34.2 1 1
websocket_client/internal/pkg/core/adapter/loggeradapter/adapter_mock.go:37.65,40.27 3 1
websocket_client/internal/pkg/core/adapter/loggeradapter/adapter_mock.go:40.27,42.3 1 1
websocket_client/internal/pkg/core/adapter/loggeradapter/adapter_mock.go:43.2,43.40 1 1
websocket_client/internal/pkg/core/adapter/loggeradapter/adapter_mock.go:47.104,51.2 3 1
websocket_client/internal/pkg/core/adapter/loggeradapter/adapter_mock.go:54.64,57.27 3 1
websocket_client/internal/pkg/core/adapter/loggeradapter/adapter_mock.go:57.27,59.3 1 1
websocket_client/internal/pkg/core/adapter/loggeradapter/adapter_mock.go:60.2,60.39 1 1
websocket_client/internal/pkg/core/adapter/loggeradapter/adapter_mock.go:64.103,68.2 3 1
websocket_client/internal/pkg/core/adapter/wsconnadapter/adapter_mock.go:25.59,29.2 3 0
websocket_client/internal/pkg/core/adapter/wsconnadapter/adapter_mock.go:32.57,34.2 1 0
websocket_client/internal/pkg/core/adapter/wsconnadapter/adapter_mock.go:37.37,42.2 4 0
websocket_client/internal/pkg/core/adapter/wsconnadapter/adapter_mock.go:45.57,48.2 2 0
websocket_client/internal/pkg/core/adapter/wsconnadapter/adapter_mock.go:51.58,58.2 6 0
websocket_client/internal/pkg/core/adapter/wsconnadapter/adapter_mock.go:61.63,64.2 2 0
websocket_client/internal/pkg/core/adapter/wsconnadapter/adapter_mock.go:67.54,72.2 4 0
websocket_client/internal/pkg/core/adapter/wsconnadapter/adapter_mock.go:75.74,78.2 2 0
websocket_client/internal/pkg/core/adapter/wsprocessoradapter/adapter_mock.go:26.59,30.2 3 1
websocket_client/internal/pkg/core/adapter/wsprocessoradapter/adapter_mock.go:33.57,35.2 1 1
websocket_client/internal/pkg/core/adapter/wsprocessoradapter/adapter_mock.go:38.157,43.2 4 1
websocket_client/internal/pkg/core/adapter/wsprocessoradapter/adapter_mock.go:46.125,49.2 2 1
websocket_client/internal/pkg/core/adapter/wsupgraderadapter/adapter_mock.go:27.59,31.2 3 1
websocket_client/internal/pkg/core/adapter/wsupgraderadapter/adapter_mock.go:34.57,36.2 1 1
websocket_client/internal/pkg/core/adapter/wsupgraderadapter/adapter_mock.go:39.130,45.2 5 1
websocket_client/internal/pkg/core/adapter/wsupgraderadapter/adapter_mock.go:48.91,51.2 2 1
websocket_client/internal/common/helper.go:15.90,17.25 2 0
websocket_client/internal/common/helper.go:17.25,20.3 2 0
websocket_client/internal/common/helper.go:21.2,23.16 3 0
websocket_client/internal/common/helper.go:23.16,25.3 1 0
websocket_client/internal/common/helper.go:26.2,28.27 3 0
websocket_client/internal/common/helper.go:28.27,31.3 2 0
websocket_client/internal/common/helper.go:32.2,35.8 4 0
websocket_client/internal/common/helper.go:39.42,44.38 4 1
websocket_client/internal/common/helper.go:44.38,48.51 3 1
websocket_client/internal/common/helper.go:48.51,50.4 1 0
websocket_client/internal/common/helper.go:52.2,52.26 1 1
websocket_client/internal/common/helper.go:52.26,54.3 1 0
websocket_client/internal/common/helper.go:55.2,55.12 1 1
websocket_client/internal/common/helper.go:59.28,61.2 1 0
websocket_client/internal/common/vars.go:14.19,20.2 5 0
websocket_client/internal/pkg/core/adapter/accountadapter/adapter_mock.go:25.59,29.2 3 0
websocket_client/internal/pkg/core/adapter/accountadapter/adapter_mock.go:32.57,34.2 1 0
websocket_client/internal/pkg/core/adapter/accountadapter/adapter_mock.go:37.56,42.2 4 0
websocket_client/internal/pkg/core/adapter/accountadapter/adapter_mock.go:45.76,48.2 2 0
websocket_client/internal/pkg/core/adapter/accountadapter/adapter_mock.go:51.60,56.2 4 0
websocket_client/internal/pkg/core/adapter/accountadapter/adapter_mock.go:59.78,62.2 2 0
websocket_client/internal/pkg/core/adapter/databaseadapter/repoadapter_mock.go:27.67,31.2 3 1
websocket_client/internal/pkg/core/adapter/databaseadapter/repoadapter_mock.go:34.65,36.2 1 1
websocket_client/internal/pkg/core/adapter/databaseadapter/repoadapter_mock.go:39.61,44.2 4 0
websocket_client/internal/pkg/core/adapter/databaseadapter/repoadapter_mock.go:47.80,50.2 2 0
websocket_client/internal/pkg/core/adapter/databaseadapter/repoadapter_mock.go:53.78,58.2 4 0
websocket_client/internal/pkg/core/adapter/databaseadapter/repoadapter_mock.go:61.89,64.2 2 0
websocket_client/internal/pkg/core/adapter/databaseadapter/repoadapter_mock.go:67.81,73.2 5 1
websocket_client/internal/pkg/core/adapter/databaseadapter/repoadapter_mock.go:76.81,79.2 2 1
websocket_client/internal/pkg/core/adapter/databaseadapter/repoadapter_mock.go:82.92,88.2 5 0
websocket_client/internal/pkg/core/adapter/databaseadapter/repoadapter_mock.go:91.85,94.2 2 0
websocket_client/internal/pkg/core/adapter/databaseadapter/repoadapter_mock.go:97.95,103.2 5 0
websocket_client/internal/pkg/core/adapter/databaseadapter/repoadapter_mock.go:106.85,109.2 2 0
websocket_client/internal/pkg/core/adapter/databaseadapter/repoadapter_mock.go:112.67,117.2 4 0
websocket_client/internal/pkg/core/adapter/databaseadapter/repoadapter_mock.go:120.83,123.2 2 0
websocket_client/internal/pkg/core/adapter/databaseadapter/repoadapter_mock.go:126.98,131.2 4 0
websocket_client/internal/pkg/core/adapter/databaseadapter/repoadapter_mock.go:134.96,137.2 2 0
websocket_client/internal/pkg/core/adapter/databaseadapter/repoadapter_mock.go:140.87,146.2 5 0
websocket_client/internal/pkg/core/adapter/databaseadapter/repoadapter_mock.go:149.81,152.2 2 0
websocket_client/internal/pkg/core/adapter/databaseadapter/repoadapter_mock.go:155.63,160.2 4 1
websocket_client/internal/pkg/core/adapter/databaseadapter/repoadapter_mock.go:163.81,166.2 2 1
websocket_client/internal/pkg/core/adapter/loggeradapter/adapter_mock.go:25.59,29.2 3 1
websocket_client/internal/pkg/core/adapter/loggeradapter/adapter_mock.go:32.57,34.2 1 1
websocket_client/internal/pkg/core/adapter/loggeradapter/adapter_mock.go:37.65,40.27 3 1
websocket_client/internal/pkg/core/adapter/loggeradapter/adapter_mock.go:40.27,42.3 1 0
websocket_client/internal/pkg/core/adapter/loggeradapter/adapter_mock.go:43.2,43.40 1 1
websocket_client/internal/pkg/core/adapter/loggeradapter/adapter_mock.go:47.104,51.2 3 1
websocket_client/internal/pkg/core/adapter/loggeradapter/adapter_mock.go:54.64,57.27 3 1
websocket_client/internal/pkg/core/adapter/loggeradapter/adapter_mock.go:57.27,59.3 1 0
websocket_client/internal/pkg/core/adapter/loggeradapter/adapter_mock.go:60.2,60.39 1 1
websocket_client/internal/pkg/core/adapter/loggeradapter/adapter_mock.go:64.103,68.2 3 1
websocket_client/internal/pkg/core/adapter/passwordgeneratoradapter/adapter_mock.go:25.59,29.2 3 1
websocket_client/internal/pkg/core/adapter/passwordgeneratoradapter/adapter_mock.go:32.57,34.2 1 1
websocket_client/internal/pkg/core/adapter/passwordgeneratoradapter/adapter_mock.go:37.61,43.2 5 1
websocket_client/internal/pkg/core/adapter/passwordgeneratoradapter/adapter_mock.go:46.76,49.2 2 1
websocket_client/internal/pkg/core/service/accountservice/register.go:10.72,12.16 2 1
websocket_client/internal/pkg/core/service/accountservice/register.go:12.16,15.3 2 1
websocket_client/internal/pkg/core/service/accountservice/register.go:17.2,21.16 2 1
websocket_client/internal/pkg/core/service/accountservice/register.go:21.16,24.3 2 1
websocket_client/internal/pkg/core/service/accountservice/register.go:25.2,26.12 2 1
websocket_client/internal/pkg/core/service/accountservice/service.go:19.73,20.51 1 1
websocket_client/internal/pkg/core/service/accountservice/service.go:20.51,21.21 1 0
websocket_client/internal/pkg/core/service/accountservice/service.go:24.2,28.3 1 1
websocket_client/internal/pkg/core/service/accountservice/verifyauth.go:12.76,16.16 2 1
websocket_client/internal/pkg/core/service/accountservice/verifyauth.go:16.16,19.3 2 1
websocket_client/internal/pkg/core/service/accountservice/verifyauth.go:20.2,21.16 2 1
websocket_client/internal/pkg/core/service/accountservice/verifyauth.go:21.16,24.3 2 1
websocket_client/internal/pkg/core/service/accountservice/verifyauth.go:26.2,26.12 1 1
websocket_client/internal/common/helper.go:15.90,17.25 2 0
websocket_client/internal/common/helper.go:17.25,20.3 2 0
websocket_client/internal/common/helper.go:21.2,23.16 3 0
websocket_client/internal/common/helper.go:23.16,25.3 1 0
websocket_client/internal/common/helper.go:26.2,28.27 3 0
websocket_client/internal/common/helper.go:28.27,31.3 2 0
websocket_client/internal/common/helper.go:32.2,35.8 4 0
websocket_client/internal/common/helper.go:39.42,44.38 4 0
websocket_client/internal/common/helper.go:44.38,48.51 3 0
websocket_client/internal/common/helper.go:48.51,50.4 1 0
websocket_client/internal/common/helper.go:52.2,52.26 1 0
websocket_client/internal/common/helper.go:52.26,54.3 1 0
websocket_client/internal/common/helper.go:55.2,55.12 1 0
websocket_client/internal/common/helper.go:59.28,61.2 1 1
websocket_client/internal/common/vars.go:14.19,20.2 5 0
websocket_client/internal/pkg/core/adapter/chatadapter/adapter_mock.go:27.59,31.2 3 0
websocket_client/internal/pkg/core/adapter/chatadapter/adapter_mock.go:34.57,36.2 1 0
websocket_client/internal/pkg/core/adapter/chatadapter/adapter_mock.go:39.75,42.2 2 0
websocket_client/internal/pkg/core/adapter/chatadapter/adapter_mock.go:45.83,48.2 2 0
websocket_client/internal/pkg/core/adapter/chatadapter/adapter_mock.go:51.66,56.2 4 0
websocket_client/internal/pkg/core/adapter/chatadapter/adapter_mock.go:59.77,62.2 2 0
websocket_client/internal/pkg/core/adapter/chatadapter/adapter_mock.go:65.49,68.2 2 0
websocket_client/internal/pkg/core/adapter/chatadapter/adapter_mock.go:71.80,74.2 2 0
websocket_client/internal/pkg/core/adapter/chatadapter/adapter_mock.go:77.81,82.2 4 0
websocket_client/internal/pkg/core/adapter/chatadapter/adapter_mock.go:85.82,88.2 2 0
websocket_client/internal/pkg/core/adapter/chatadapter/adapter_mock.go:91.80,97.2 5 0
websocket_client/internal/pkg/core/adapter/chatadapter/adapter_mock.go:100.93,103.2 2 0
websocket_client/internal/pkg/core/adapter/chatadapter/adapter_mock.go:106.75,111.2 4 0
websocket_client/internal/pkg/core/adapter/chatadapter/adapter_mock.go:114.80,117.2 2 0
websocket_client/internal/pkg/core/adapter/chatadapter/adapter_mock.go:120.69,125.2 4 0
websocket_client/internal/pkg/core/adapter/chatadapter/adapter_mock.go:128.78,131.2 2 0
websocket_client/internal/pkg/core/adapter/chatadapter/adapter_mock.go:134.72,139.2 4 0
websocket_client/internal/pkg/core/adapter/chatadapter/adapter_mock.go:142.79,145.2 2 0
websocket_client/internal/pkg/core/adapter/chatadapter/adapter_mock.go:148.112,153.2 4 0
websocket_client/internal/pkg/core/adapter/chatadapter/adapter_mock.go:156.114,159.2 2 0
websocket_client/internal/pkg/core/adapter/databaseadapter/repoadapter_mock.go:27.67,31.2 3 1
websocket_client/internal/pkg/core/adapter/databaseadapter/repoadapter_mock.go:34.65,36.2 1 1
websocket_client/internal/pkg/core/adapter/databaseadapter/repoadapter_mock.go:39.61,44.2 4 1
websocket_client/internal/pkg/core/adapter/databaseadapter/repoadapter_mock.go:47.80,50.2 2 1
websocket_client/internal/pkg/core/adapter/databaseadapter/repoadapter_mock.go:53.78,58.2 4 1
websocket_client/internal/pkg/core/adapter/databaseadapter/repoadapter_mock.go:61.89,64.2 2 1
websocket_client/internal/pkg/core/adapter/databaseadapter/repoadapter_mock.go:67.81,73.2 5 0
websocket_client/internal/pkg/core/adapter/databaseadapter/repoadapter_mock.go:76.81,79.2 2 0
websocket_client/internal/pkg/core/adapter/databaseadapter/repoadapter_mock.go:82.92,88.2 5 1
websocket_client/internal/pkg/core/adapter/databaseadapter/repoadapter_mock.go:91.85,94.2 2 1
websocket_client/internal/pkg/core/adapter/databaseadapter/repoadapter_mock.go:97.95,103.2 5 0
websocket_client/internal/pkg/core/adapter/databaseadapter/repoadapter_mock.go:106.85,109.2 2 0
websocket_client/internal/pkg/core/adapter/databaseadapter/repoadapter_mock.go:112.67,117.2 4 1
websocket_client/internal/pkg/core/adapter/databaseadapter/repoadapter_mock.go:120.83,123.2 2 1
websocket_client/internal/pkg/core/adapter/databaseadapter/repoadapter_mock.go:126.98,131.2 4 1
websocket_client/internal/pkg/core/adapter/databaseadapter/repoadapter_mock.go:134.96,137.2 2 1
websocket_client/internal/pkg/core/adapter/databaseadapter/repoadapter_mock.go:140.87,146.2 5 1
websocket_client/internal/pkg/core/adapter/databaseadapter/repoadapter_mock.go:149.81,152.2 2 1
websocket_client/internal/pkg/core/adapter/databaseadapter/repoadapter_mock.go:155.63,160.2 4 0
websocket_client/internal/pkg/core/adapter/databaseadapter/repoadapter_mock.go:163.81,166.2 2 0
websocket_client/internal/pkg/core/adapter/kvadapter/repoadapter_mock.go:25.67,29.2 3 1
websocket_client/internal/pkg/core/adapter/kvadapter/repoadapter_mock.go:32.65,34.2 1 0
websocket_client/internal/pkg/core/adapter/kvadapter/repoadapter_mock.go:37.52,42.2 4 0
websocket_client/internal/pkg/core/adapter/kvadapter/repoadapter_mock.go:45.77,48.2 2 0
websocket_client/internal/pkg/core/adapter/kvadapter/repoadapter_mock.go:51.64,57.2 5 0
websocket_client/internal/pkg/core/adapter/kvadapter/repoadapter_mock.go:60.79,63.2 2 0
websocket_client/internal/pkg/core/adapter/kvadapter/repoadapter_mock.go:66.94,69.2 2 0
websocket_client/internal/pkg/core/adapter/kvadapter/repoadapter_mock.go:72.115,75.2 2 0
websocket_client/internal/pkg/core/adapter/loggeradapter/adapter_mock.go:25.59,29.2 3 1
websocket_client/internal/pkg/core/adapter/loggeradapter/adapter_mock.go:32.57,34.2 1 1
websocket_client/internal/pkg/core/adapter/loggeradapter/adapter_mock.go:37.65,40.27 3 1
websocket_client/internal/pkg/core/adapter/loggeradapter/adapter_mock.go:40.27,42.3 1 1
websocket_client/internal/pkg/core/adapter/loggeradapter/adapter_mock.go:43.2,43.40 1 1
websocket_client/internal/pkg/core/adapter/loggeradapter/adapter_mock.go:47.104,51.2 3 1
websocket_client/internal/pkg/core/adapter/loggeradapter/adapter_mock.go:54.64,57.27 3 1
websocket_client/internal/pkg/core/adapter/loggeradapter/adapter_mock.go:57.27,59.3 1 1
websocket_client/internal/pkg/core/adapter/loggeradapter/adapter_mock.go:60.2,60.39 1 1
websocket_client/internal/pkg/core/adapter/loggeradapter/adapter_mock.go:64.103,68.2 3 1
websocket_client/internal/pkg/core/adapter/senderadapter/adapter_mock.go:25.59,29.2 3 1
websocket_client/internal/pkg/core/adapter/senderadapter/adapter_mock.go:32.57,34.2 1 1
websocket_client/internal/pkg/core/adapter/senderadapter/adapter_mock.go:37.72,43.2 5 1
websocket_client/internal/pkg/core/adapter/senderadapter/adapter_mock.go:46.81,49.2 2 1
websocket_client/internal/pkg/core/adapter/wsconnadapter/adapter_mock.go:25.59,29.2 3 1
websocket_client/internal/pkg/core/adapter/wsconnadapter/adapter_mock.go:32.57,34.2 1 1
websocket_client/internal/pkg/core/adapter/wsconnadapter/adapter_mock.go:37.37,42.2 4 0
websocket_client/internal/pkg/core/adapter/wsconnadapter/adapter_mock.go:45.57,48.2 2 0
websocket_client/internal/pkg/core/adapter/wsconnadapter/adapter_mock.go:51.58,58.2 6 0
websocket_client/internal/pkg/core/adapter/wsconnadapter/adapter_mock.go:61.63,64.2 2 0
websocket_client/internal/pkg/core/adapter/wsconnadapter/adapter_mock.go:67.54,72.2 4 1
websocket_client/internal/pkg/core/adapter/wsconnadapter/adapter_mock.go:75.74,78.2 2 1
websocket_client/internal/pkg/core/adapter/wsstoreadapter/adapter_mock.go:26.59,30.2 3 1
websocket_client/internal/pkg/core/adapter/wsstoreadapter/adapter_mock.go:33.57,35.2 1 1
websocket_client/internal/pkg/core/adapter/wsstoreadapter/adapter_mock.go:38.80,43.2 4 0
websocket_client/internal/pkg/core/adapter/wsstoreadapter/adapter_mock.go:46.83,49.2 2 0
websocket_client/internal/pkg/core/adapter/wsstoreadapter/adapter_mock.go:52.49,55.2 2 0
websocket_client/internal/pkg/core/adapter/wsstoreadapter/adapter_mock.go:58.80,61.2 2 0
websocket_client/internal/pkg/core/adapter/wsstoreadapter/adapter_mock.go:64.68,69.2 4 1
websocket_client/internal/pkg/core/adapter/wsstoreadapter/adapter_mock.go:72.77,75.2 2 1
websocket_client/internal/pkg/core/adapter/wsstoreadapter/adapter_mock.go:78.46,81.2 2 1
websocket_client/internal/pkg/core/adapter/wsstoreadapter/adapter_mock.go:84.77,87.2 2 1
websocket_client/internal/pkg/core/service/chatservice/addfriend.go:9.97,17.16 3 1
websocket_client/internal/pkg/core/service/chatservice/addfriend.go:17.16,21.3 3 1
websocket_client/internal/pkg/core/service/chatservice/addfriend.go:22.2,22.22 1 1
websocket_client/internal/pkg/core/service/chatservice/getchathistory.go:9.103,18.16 3 1
websocket_client/internal/pkg/core/service/chatservice/getchathistory.go:18.16,21.3 2 1
websocket_client/internal/pkg/core/service/chatservice/getchathistory.go:23.2,23.46 1 1
websocket_client/internal/pkg/core/service/chatservice/getchathistory.go:23.46,31.3 1 1
websocket_client/internal/pkg/core/service/chatservice/getchathistory.go:32.2,32.23 1 1
websocket_client/internal/pkg/core/service/chatservice/receivemessage.go:13.97,15.17 2 1
websocket_client/internal/pkg/core/service/chatservice/receivemessage.go:15.17,19.3 3 1
websocket_client/internal/pkg/core/service/chatservice/receivemessage.go:20.2,20.19 1 1
websocket_client/internal/pkg/core/service/chatservice/removefriend.go:9.109,17.16 3 1
websocket_client/internal/pkg/core/service/chatservice/removefriend.go:17.16,21.3 3 1
websocket_client/internal/pkg/core/service/chatservice/removefriend.go:22.2,23.25 2 1
websocket_client/internal/pkg/core/service/chatservice/searchuser.go:9.92,13.16 2 1
websocket_client/internal/pkg/core/service/chatservice/searchuser.go:13.16,15.3 1 1
websocket_client/internal/pkg/core/service/chatservice/searchuser.go:16.2,17.29 2 1
websocket_client/internal/pkg/core/service/chatservice/searchuser.go:17.29,19.3 1 1
websocket_client/internal/pkg/core/service/chatservice/searchuser.go:20.2,22.3 1 1
websocket_client/internal/pkg/core/service/chatservice/sendmessage.go:14.126,15.33 1 1
websocket_client/internal/pkg/core/service/chatservice/sendmessage.go:15.33,30.17 3 1
websocket_client/internal/pkg/core/service/chatservice/sendmessage.go:30.17,33.4 2 0
websocket_client/internal/pkg/core/service/chatservice/sendmessage.go:39.3,47.17 2 1
websocket_client/internal/pkg/core/service/chatservice/sendmessage.go:47.17,50.4 2 0
websocket_client/internal/pkg/core/service/chatservice/sendmessage.go:53.3,54.13 2 1
websocket_client/internal/pkg/core/service/chatservice/sendmessage.go:59.108,76.16 6 1
websocket_client/internal/pkg/core/service/chatservice/sendmessage.go:76.16,78.3 1 1
websocket_client/internal/pkg/core/service/chatservice/sendmessage.go:79.2,79.24 1 1
websocket_client/internal/pkg/core/service/chatservice/service.go:31.64,33.2 1 1
websocket_client/internal/pkg/core/service/chatservice/websockethandler.go:8.59,12.2 3 0
websocket_client/internal/common/helper.go:15.90,17.25 2 0
websocket_client/internal/common/helper.go:17.25,20.3 2 0
websocket_client/internal/common/helper.go:21.2,23.16 3 0
websocket_client/internal/common/helper.go:23.16,25.3 1 0
websocket_client/internal/common/helper.go:26.2,28.27 3 0
websocket_client/internal/common/helper.go:28.27,31.3 2 0
websocket_client/internal/common/helper.go:32.2,35.8 4 0
websocket_client/internal/common/helper.go:39.42,44.38 4 1
websocket_client/internal/common/helper.go:44.38,48.51 3 1
websocket_client/internal/common/helper.go:48.51,50.4 1 0
websocket_client/internal/common/helper.go:52.2,52.26 1 1
websocket_client/internal/common/helper.go:52.26,54.3 1 0
websocket_client/internal/common/helper.go:55.2,55.12 1 1
websocket_client/internal/common/helper.go:59.28,61.2 1 0
websocket_client/internal/common/vars.go:14.19,20.2 5 0
websocket_client/internal/pkg/core/adapter/databaseadapter/repoadapter_mock.go:27.67,31.2 3 0
websocket_client/internal/pkg/core/adapter/databaseadapter/repoadapter_mock.go:34.65,36.2 1 0
websocket_client/internal/pkg/core/adapter/databaseadapter/repoadapter_mock.go:39.61,44.2 4 0
websocket_client/internal/pkg/core/adapter/databaseadapter/repoadapter_mock.go:47.80,50.2 2 0
websocket_client/internal/pkg/core/adapter/databaseadapter/repoadapter_mock.go:53.78,58.2 4 0
websocket_client/internal/pkg/core/adapter/databaseadapter/repoadapter_mock.go:61.89,64.2 2 0
websocket_client/internal/pkg/core/adapter/databaseadapter/repoadapter_mock.go:67.81,73.2 5 0
websocket_client/internal/pkg/core/adapter/databaseadapter/repoadapter_mock.go:76.81,79.2 2 0
websocket_client/internal/pkg/core/adapter/databaseadapter/repoadapter_mock.go:82.92,88.2 5 0
websocket_client/internal/pkg/core/adapter/databaseadapter/repoadapter_mock.go:91.85,94.2 2 0
websocket_client/internal/pkg/core/adapter/databaseadapter/repoadapter_mock.go:97.95,103.2 5 0
websocket_client/internal/pkg/core/adapter/databaseadapter/repoadapter_mock.go:106.85,109.2 2 0
websocket_client/internal/pkg/core/adapter/databaseadapter/repoadapter_mock.go:112.67,117.2 4 0
websocket_client/internal/pkg/core/adapter/databaseadapter/repoadapter_mock.go:120.83,123.2 2 0
websocket_client/internal/pkg/core/adapter/databaseadapter/repoadapter_mock.go:126.98,131.2 4 0
websocket_client/internal/pkg/core/adapter/databaseadapter/repoadapter_mock.go:134.96,137.2 2 0
websocket_client/internal/pkg/core/adapter/databaseadapter/repoadapter_mock.go:140.87,146.2 5 0
websocket_client/internal/pkg/core/adapter/databaseadapter/repoadapter_mock.go:149.81,152.2 2 0
websocket_client/internal/pkg/core/adapter/databaseadapter/repoadapter_mock.go:155.63,160.2 4 0
websocket_client/internal/pkg/core/adapter/databaseadapter/repoadapter_mock.go:163.81,166.2 2 0
websocket_client/internal/pkg/core/adapter/kvadapter/repoadapter_mock.go:25.67,29.2 3 1
websocket_client/internal/pkg/core/adapter/kvadapter/repoadapter_mock.go:32.65,34.2 1 1
websocket_client/internal/pkg/core/adapter/kvadapter/repoadapter_mock.go:37.52,42.2 4 0
websocket_client/internal/pkg/core/adapter/kvadapter/repoadapter_mock.go:45.77,48.2 2 0
websocket_client/internal/pkg/core/adapter/kvadapter/repoadapter_mock.go:51.64,57.2 5 1
websocket_client/internal/pkg/core/adapter/kvadapter/repoadapter_mock.go:60.79,63.2 2 1
websocket_client/internal/pkg/core/adapter/kvadapter/repoadapter_mock.go:66.94,69.2 2 0
websocket_client/internal/pkg/core/adapter/kvadapter/repoadapter_mock.go:72.115,75.2 2 0
websocket_client/internal/pkg/core/adapter/loggeradapter/adapter_mock.go:25.59,29.2 3 1
websocket_client/internal/pkg/core/adapter/loggeradapter/adapter_mock.go:32.57,34.2 1 1
websocket_client/internal/pkg/core/adapter/loggeradapter/adapter_mock.go:37.65,40.27 3 1
websocket_client/internal/pkg/core/adapter/loggeradapter/adapter_mock.go:40.27,42.3 1 0
websocket_client/internal/pkg/core/adapter/loggeradapter/adapter_mock.go:43.2,43.40 1 1
websocket_client/internal/pkg/core/adapter/loggeradapter/adapter_mock.go:47.104,51.2 3 1
websocket_client/internal/pkg/core/adapter/loggeradapter/adapter_mock.go:54.64,57.27 3 1
websocket_client/internal/pkg/core/adapter/loggeradapter/adapter_mock.go:57.27,59.3 1 0
websocket_client/internal/pkg/core/adapter/loggeradapter/adapter_mock.go:60.2,60.39 1 1
websocket_client/internal/pkg/core/adapter/loggeradapter/adapter_mock.go:64.103,68.2 3 1
websocket_client/internal/pkg/core/adapter/senderadapter/adapter_mock.go:25.59,29.2 3 0
websocket_client/internal/pkg/core/adapter/senderadapter/adapter_mock.go:32.57,34.2 1 0
websocket_client/internal/pkg/core/adapter/senderadapter/adapter_mock.go:37.72,43.2 5 0
websocket_client/internal/pkg/core/adapter/senderadapter/adapter_mock.go:46.81,49.2 2 0
websocket_client/internal/pkg/core/service/senderservice/publishmessage.go:15.67,17.2 1 1
websocket_client/internal/pkg/core/service/senderservice/publishmessage.go:27.100,30.28 2 1
websocket_client/internal/pkg/core/service/senderservice/publishmessage.go:30.28,32.3 1 1
websocket_client/internal/pkg/core/service/senderservice/publishmessage.go:35.2,35.36 1 1
websocket_client/internal/pkg/core/service/senderservice/publishmessage.go:35.36,38.3 2 1
websocket_client/internal/pkg/core/service/senderservice/publishmessage.go:39.2,39.16 1 1
websocket_client/internal/pkg/core/service/senderservice/publishmessage.go:39.16,42.3 2 1
websocket_client/internal/pkg/core/service/senderservice/publishmessage.go:45.2,58.16 5 1
websocket_client/internal/pkg/core/service/senderservice/publishmessage.go:58.16,61.3 2 0
websocket_client/internal/pkg/core/service/senderservice/publishmessage.go:62.2,64.16 3 1
websocket_client/internal/pkg/core/service/senderservice/publishmessage.go:64.16,67.3 2 1
websocket_client/internal/pkg/core/service/senderservice/publishmessage.go:70.2,70.15 1 1
websocket_client/internal/pkg/core/service/senderservice/publishmessage.go:70.15,71.35 1 1
websocket_client/internal/pkg/core/service/senderservice/publishmessage.go:71.35,73.4 1 0
websocket_client/internal/pkg/core/service/senderservice/publishmessage.go:77.2,79.16 3 1
websocket_client/internal/pkg/core/service/senderservice/publishmessage.go:79.16,82.3 2 1
websocket_client/internal/pkg/core/service/senderservice/publishmessage.go:84.2,84.32 1 1
websocket_client/internal/pkg/core/service/senderservice/publishmessage.go:84.32,85.49 1 1
websocket_client/internal/pkg/core/service/senderservice/publishmessage.go:85.49,87.4 1 1
websocket_client/internal/pkg/core/service/senderservice/publishmessage.go:87.9,89.4 1 1
websocket_client/internal/pkg/core/service/senderservice/publishmessage.go:92.2,92.36 1 1
websocket_client/internal/pkg/core/service/senderservice/publishmessage.go:92.36,95.3 1 1
websocket_client/internal/pkg/core/service/senderservice/publishmessage.go:97.2,98.22 2 1
websocket_client/internal/pkg/core/service/senderservice/sender.go:25.70,26.51 1 1
websocket_client/internal/pkg/core/service/senderservice/sender.go:26.51,27.21 1 0
websocket_client/internal/pkg/core/service/senderservice/sender.go:29.2,29.27 1 1
websocket_client/internal/pkg/core/adapter/loggeradapter/adapter_mock.go:25.59,29.2 3 1
websocket_client/internal/pkg/core/adapter/loggeradapter/adapter_mock.go:32.57,34.2 1 1
websocket_client/internal/pkg/core/adapter/loggeradapter/adapter_mock.go:37.65,40.27 3 1
websocket_client/internal/pkg/core/adapter/loggeradapter/adapter_mock.go:40.27,42.3 1 1
websocket_client/internal/pkg/core/adapter/loggeradapter/adapter_mock.go:43.2,43.40 1 1
websocket_client/internal/pkg/core/adapter/loggeradapter/adapter_mock.go:47.104,51.2 3 1
websocket_client/internal/pkg/core/adapter/loggeradapter/adapter_mock.go:54.64,57.27 3 1
websocket_client/internal/pkg/core/adapter/loggeradapter/adapter_mock.go:57.27,59.3 1 1
websocket_client/internal/pkg/core/adapter/loggeradapter/adapter_mock.go:60.2,60.39 1 1
websocket_client/internal/pkg/core/adapter/loggeradapter/adapter_mock.go:64.103,68.2 3 1
websocket_client/internal/pkg/core/adapter/wsconnadapter/adapter_mock.go:25.59,29.2 3 1
websocket_client/internal/pkg/core/adapter/wsconnadapter/adapter_mock.go:32.57,34.2 1 1
websocket_client/internal/pkg/core/adapter/wsconnadapter/adapter_mock.go:37.37,42.2 4 1
websocket_client/internal/pkg/core/adapter/wsconnadapter/adapter_mock.go:45.57,48.2 2 1
websocket_client/internal/pkg/core/adapter/wsconnadapter/adapter_mock.go:51.58,58.2 6 1
websocket_client/internal/pkg/core/adapter/wsconnadapter/adapter_mock.go:61.63,64.2 2 1
websocket_client/internal/pkg/core/adapter/wsconnadapter/adapter_mock.go:67.54,72.2 4 0
websocket_client/internal/pkg/core/adapter/wsconnadapter/adapter_mock.go:75.74,78.2 2 0
websocket_client/internal/pkg/core/adapter/wsprocessoradapter/adapter_mock.go:26.59,30.2 3 0
websocket_client/internal/pkg/core/adapter/wsprocessoradapter/adapter_mock.go:33.57,35.2 1 0
websocket_client/internal/pkg/core/adapter/wsprocessoradapter/adapter_mock.go:38.157,43.2 4 0
websocket_client/internal/pkg/core/adapter/wsprocessoradapter/adapter_mock.go:46.125,49.2 2 0
websocket_client/internal/pkg/core/adapter/wsstoreadapter/adapter_mock.go:26.59,30.2 3 1
websocket_client/internal/pkg/core/adapter/wsstoreadapter/adapter_mock.go:33.57,35.2 1 1
websocket_client/internal/pkg/core/adapter/wsstoreadapter/adapter_mock.go:38.80,43.2 4 1
websocket_client/internal/pkg/core/adapter/wsstoreadapter/adapter_mock.go:46.83,49.2 2 1
websocket_client/internal/pkg/core/adapter/wsstoreadapter/adapter_mock.go:52.49,55.2 2 1
websocket_client/internal/pkg/core/adapter/wsstoreadapter/adapter_mock.go:58.80,61.2 2 1
websocket_client/internal/pkg/core/adapter/wsstoreadapter/adapter_mock.go:64.68,69.2 4 0
websocket_client/internal/pkg/core/adapter/wsstoreadapter/adapter_mock.go:72.77,75.2 2 0
websocket_client/internal/pkg/core/adapter/wsstoreadapter/adapter_mock.go:78.46,81.2 2 0
websocket_client/internal/pkg/core/adapter/wsstoreadapter/adapter_mock.go:84.77,87.2 2 0
websocket_client/internal/pkg/core/service/wsprocessorservice/wsprocessorservice.go:24.82,29.2 1 1
websocket_client/internal/pkg/core/service/wsprocessorservice/wsprocessorservice.go:38.187,40.17 1 1
websocket_client/internal/pkg/core/service/wsprocessorservice/wsprocessorservice.go:40.17,42.3 1 1
websocket_client/internal/pkg/core/service/wsprocessorservice/wsprocessorservice.go:43.2,43.32 1 1
websocket_client/internal/pkg/core/service/wsprocessorservice/wsprocessorservice.go:43.32,45.3 1 1
websocket_client/internal/pkg/core/service/wsprocessorservice/wsprocessorservice.go:47.2,47.15 1 1
websocket_client/internal/pkg/core/service/wsprocessorservice/wsprocessorservice.go:47.15,56.17 3 1
websocket_client/internal/pkg/core/service/wsprocessorservice/wsprocessorservice.go:56.17,58.4 1 0
websocket_client/internal/pkg/core/service/wsprocessorservice/wsprocessorservice.go:60.2,61.16 2 1
websocket_client/internal/pkg/core/service/wsprocessorservice/wsprocessorservice.go:61.16,63.3 1 1
websocket_client/internal/pkg/core/service/wsprocessorservice/wsprocessorservice.go:65.2,65.6 1 1
websocket_client/internal/pkg/core/service/wsprocessorservice/wsprocessorservice.go:65.6,71.17 5 1
websocket_client/internal/pkg/core/service/wsprocessorservice/wsprocessorservice.go:71.17,73.4 1 1
websocket_client/internal/pkg/core/service/wsprocessorservice/wsprocessorservice.go:76.3,76.49 1 1
websocket_client/internal/pkg/core/service/wsprocessorservice/wsprocessorservice.go:76.49,77.9 1 1
websocket_client/internal/pkg/core/service/wsprocessorservice/wsprocessorservice.go:81.3,82.17 2 1
websocket_client/internal/pkg/core/service/wsprocessorservice/wsprocessorservice.go:82.17,84.12 2 0
websocket_client/internal/pkg/core/service/wsprocessorservice/wsprocessorservice.go:86.3,90.17 3 1
websocket_client/internal/pkg/core/service/wsprocessorservice/wsprocessorservice.go:90.17,92.12 2 0
websocket_client/internal/pkg/core/service/wsprocessorservice/wsprocessorservice.go:96.3,97.17 2 1
websocket_client/internal/pkg/core/service/wsprocessorservice/wsprocessorservice.go:97.17,99.12 2 0
websocket_client/internal/pkg/core/service/wsprocessorservice/wsprocessorservice.go:104.2,104.12 1 1
